#-----------------------------------------------------------
# Webtalk v2020.2 (64-bit)
# SW Build 3064766 on Wed Nov 18 09:12:45 MST 2020
# IP Build 3064653 on Wed Nov 18 14:17:31 MST 2020
# Start of session at: Wed Mar 17 15:00:24 2021
# Process ID: 9704
# Current directory: C:/Users/zulalhdroglu/Documents/20-21Spring/cs224/Lab04/lab04/lab04.sim/sim_1/behav/xsim
# Command line: wbtcv.exe -mode batch -source C:/Users/zulalhdroglu/Documents/20-21Spring/cs224/Lab04/lab04/lab04.sim/sim_1/behav/xsim/xsim.dir/testbench_behav/webtalk/xsim_webtalk.tcl -notrace
# Log file: C:/Users/zulalhdroglu/Documents/20-21Spring/cs224/Lab04/lab04/lab04.sim/sim_1/behav/xsim/webtalk.log
# Journal file: C:/Users/zulalhdroglu/Documents/20-21Spring/cs224/Lab04/lab04/lab04.sim/sim_1/behav/xsim\webtalk.jou
#-----------------------------------------------------------
source C:/Users/zulalhdroglu/Documents/20-21Spring/cs224/Lab04/lab04/lab04.sim/sim_1/behav/xsim/xsim.dir/testbench_behav/webtalk/xsim_webtalk.tcl -notrace
